// Vitest Snapshot v1, https://vitest.dev/guide/snapshot.html

exports[`buildComponentRecipes > snapshot for a representative button recipe 1`] = `
{
  "button": {
    "slots": {
      "base": "font-medium rounded-md",
    },
    "variants": {
      "size": {
        "md": {
          "base": "px-3 py-2 text-base",
        },
        "sm": {
          "base": "px-2 py-1 text-sm",
        },
      },
    },
  },
}
`;

exports[`buildComponentRecipes — input characterisation (cycle A baseline) > pins the emitted ui.input recipe block 1`] = `
{
  "slots": {
    "base": "disabled:bg-[#F4F4F5] disabled:placeholder:text-[#D4D4D8] disabled:ring-[#E4E4E7] disabled:text-[#A1A1AA] focus:ring-[#3B82F6] focus:rounded-lg font-[400] h-[36px] hover:ring-[#A1A1AA] placeholder:text-[#71717A] px-1.5 py-2 ring-[#D4D4D8] ring-offset-[4px] rounded-md text-[#18181B] text-sm",
  },
  "variants": {
    "size": {
      "md": {
        "leadingIcon": "size-4",
      },
    },
    "variant": {
      "outline": {
        "base": "bg-[#FFFFFF]",
      },
      "solid": {
        "base": "bg-[#FAFAFA]",
      },
    },
  },
}
`;
